[23:38:08] AutoFisher initialized!
[23:38:08] Overlay mode enabled - drag from title bar to move
[23:38:08] === SYSTEM INFORMATION ===
[23:38:08] Platform: win32
[23:38:08] Number of screens: 2
[23:38:08] Screen 0: VX2480-2K
[23:38:08]   Geometry: 2048x1152 at (0,0)
[23:38:08]   DPI ratio: 1.25x
[23:38:08]   Physical DPI: 98.78
[23:38:08]   Logical DPI: 96.00
[23:38:08] Screen 1: VA2732-FHD
[23:38:08]   Geometry: 1920x1080 at (282,-1080)
[23:38:08]   DPI ratio: 1.00x
[23:38:08]   Physical DPI: 81.60
[23:38:08]   Logical DPI: 96.00
[23:38:08] Windows version: 10.0.26100
[23:38:08] === END SYSTEM INFORMATION ===
[23:38:08] Found game window: 'PLAY TOGETHER'
[23:38:08] WINDOW DETAILS - 'PLAY TOGETHER' (UnityWndClass):
[23:38:08]   Frame: (1299,168) to (2319,967)
[23:38:08]   Size: 1020x799
[23:38:08]   Client: (1308,206) size 1002x752
[23:38:08]   Borders: L=9, T=38, R=9, B=9
[23:38:08] Used Win32 SetWindowPos API: (1299,168) with NOSIZE flag
[23:38:08] Used Win32 API to position at (1299,168)
[23:38:08] Game window found - overlay positioned on game
[23:38:08] FINAL FIX: Forcing position to (1299,168)
[23:38:08] Used Win32 API for direct positioning
[23:38:08] Used Win32 SetWindowPos API: (1299,168) with NOSIZE flag
[23:38:08] FINAL FIX: Forcing position to (1299,168)
[23:38:08] Used Win32 API for direct positioning
[23:38:08] Used Win32 SetWindowPos API: (1299,168) with NOSIZE flag
[23:38:09] FINAL FIX: Forcing position to (1299,168)
[23:38:09] Used Win32 API for direct positioning
[23:38:09] Used Win32 SetWindowPos API: (1299,168) with NOSIZE flag
[23:38:09] FINAL FIX: Forcing position to (1299,168)
[23:38:09] Used Win32 API for direct positioning
[23:38:09] Used Win32 SetWindowPos API: (1299,168) with NOSIZE flag
[23:38:09] FINAL FIX: Forcing position to (1384,150)
[23:38:09] Used Win32 API for direct positioning
[23:38:09] Used Win32 SetWindowPos API: (1384,150) with NOSIZE flag
[23:38:09] FINAL FIX: Forcing position to (1386,72)
[23:38:09] Used Win32 API for direct positioning
[23:38:10] Used Win32 SetWindowPos API: (1386,72) with NOSIZE flag
[23:38:10] FINAL FIX: Forcing position to (1416,180)
[23:38:10] Used Win32 API for direct positioning
[23:38:10] Used Win32 SetWindowPos API: (1416,180) with NOSIZE flag
[23:38:10] FINAL FIX: Forcing position to (1417,175)
[23:38:10] Used Win32 API for direct positioning
[23:38:10] Used Win32 SetWindowPos API: (1417,175) with NOSIZE flag
[23:38:10] FINAL FIX: Forcing position to (1417,175)
[23:38:10] Used Win32 API for direct positioning
[00:37:12] AutoFisher initialized!
[00:37:12] Overlay mode enabled - drag from title bar to move
[00:37:12] Found game window: 'PLAY TOGETHER'
[00:37:12] WINDOW DETAILS - 'PLAY TOGETHER' (UnityWndClass):
[00:37:12]   Frame: (1042,-1080) to (2210,-177)
[00:37:12]   Size: 1168x903
[00:37:12]   Client: (1050,-1049) size 1152x864
[00:37:12]   Borders: L=8, T=31, R=8, B=8
[00:37:12] Used Win32 SetWindowPos API: (1042,-1080) with NOSIZE flag
[00:37:12] Used Win32 API to position at (1042,-1080)
[00:37:12] Game window found - overlay positioned on game
[00:37:12] FINAL FIX: Forcing position to (1042,-1080)
[00:37:12] Used Win32 API for direct positioning
[00:37:13] Used Win32 SetWindowPos API: (1042,-1080) with NOSIZE flag
[00:37:23] AutoFisher initialized!
[00:37:23] Overlay mode enabled - drag from title bar to move
[00:37:23] Found game window: 'PLAY TOGETHER'
[00:37:23] WINDOW DETAILS - 'PLAY TOGETHER' (UnityWndClass):
[00:37:23]   Frame: (896,0) to (2356,1129)
[00:37:23]   Size: 1460x1129
[00:37:23]   Client: (905,38) size 1442x1082
[00:37:23]   Borders: L=9, T=38, R=9, B=9
[00:37:23] Used Win32 SetWindowPos API: (896,0) with NOSIZE flag
[00:37:23] Used Win32 API to position at (896,0)
[00:37:23] Game window found - overlay positioned on game
[00:37:23] FINAL FIX: Forcing position to (896,0)
[00:37:23] Used Win32 API for direct positioning
[00:37:23] Used Win32 SetWindowPos API: (896,0) with NOSIZE flag
[00:37:23] FINAL FIX: Forcing position to (896,0)
[00:37:23] Used Win32 API for direct positioning
[00:37:24] Used Win32 SetWindowPos API: (896,0) with NOSIZE flag
[00:37:24] FINAL FIX: Forcing position to (896,0)
[00:37:24] Used Win32 API for direct positioning
[00:37:24] Used Win32 SetWindowPos API: (896,0) with NOSIZE flag
[00:37:24] FINAL FIX: Forcing position to (896,0)
[00:37:24] Used Win32 API for direct positioning
[00:37:24] Used Win32 SetWindowPos API: (896,0) with NOSIZE flag
[00:37:24] FINAL FIX: Forcing position to (896,0)
[00:37:24] Used Win32 API for direct positioning
[00:37:24] Used Win32 SetWindowPos API: (896,0) with NOSIZE flag
[00:37:25] FINAL FIX: Forcing position to (896,0)
[00:37:25] Used Win32 API for direct positioning
[00:37:25] Used Win32 SetWindowPos API: (896,0) with NOSIZE flag
[00:37:25] FINAL FIX: Forcing position to (896,0)
[00:37:25] Used Win32 API for direct positioning
[00:37:25] Used Win32 SetWindowPos API: (896,0) with NOSIZE flag
[00:37:25] FINAL FIX: Forcing position to (896,0)
[00:37:25] Used Win32 API for direct positioning
[00:37:25] Used Win32 SetWindowPos API: (896,0) with NOSIZE flag
[00:37:25] FINAL FIX: Forcing position to (896,0)
[00:37:25] Used Win32 API for direct positioning
[00:37:26] Used Win32 SetWindowPos API: (896,0) with NOSIZE flag
[00:37:26] FINAL FIX: Forcing position to (925,-70)
[00:37:26] Used Win32 API for direct positioning
[00:37:26] Used Win32 SetWindowPos API: (925,-70) with NOSIZE flag
[00:37:26] FINAL FIX: Forcing position to (950,-203)
[00:37:26] Used Win32 API for direct positioning
[00:37:26] Used Win32 SetWindowPos API: (950,-203) with NOSIZE flag
[00:37:26] FINAL FIX: Forcing position to (972,-385)
[00:37:26] Used Win32 API for direct positioning
[00:37:27] Used Win32 SetWindowPos API: (972,-385) with NOSIZE flag
[00:37:27] FINAL FIX: Forcing position to (967,-599)
[00:37:27] Used Win32 API for direct positioning
[00:37:27] Used Win32 SetWindowPos API: (967,-599) with NOSIZE flag
[00:37:27] FINAL FIX: Forcing position to (1078,-734)
[00:37:27] Used Win32 API for direct positioning
[00:37:27] Used Win32 SetWindowPos API: (1078,-734) with NOSIZE flag
[00:37:27] FINAL FIX: Forcing position to (1077,-881)
[00:37:27] Used Win32 API for direct positioning
[00:37:28] Used Win32 SetWindowPos API: (1077,-881) with NOSIZE flag
[00:37:28] FINAL FIX: Forcing position to (1088,-979)
[00:37:28] Used Win32 API for direct positioning
[00:37:28] Used Win32 SetWindowPos API: (1088,-979) with NOSIZE flag
[00:37:28] FINAL FIX: Forcing position to (1018,-1024)
[00:37:28] Used Win32 API for direct positioning
[00:37:28] Used Win32 SetWindowPos API: (1018,-1024) with NOSIZE flag
[00:37:28] FINAL FIX: Forcing position to (807,-1011)
[00:37:28] Used Win32 API for direct positioning
[00:37:28] Used Win32 SetWindowPos API: (807,-1011) with NOSIZE flag
[00:37:29] FINAL FIX: Forcing position to (317,-425)
[00:37:29] Used Win32 API for direct positioning
[00:37:29] Used Win32 SetWindowPos API: (317,-425) with NOSIZE flag
[00:37:29] FINAL FIX: Forcing position to (323,404)
[00:37:29] Used Win32 API for direct positioning
[00:37:29] Used Win32 SetWindowPos API: (323,404) with NOSIZE flag
[00:37:29] FINAL FIX: Forcing position to (464,405)
[00:37:29] Used Win32 API for direct positioning
[00:37:29] Used Win32 SetWindowPos API: (464,405) with NOSIZE flag
[00:37:29] FINAL FIX: Forcing position to (778,300)
[00:37:29] Used Win32 API for direct positioning
[00:37:30] Used Win32 SetWindowPos API: (778,300) with NOSIZE flag
[00:37:30] FINAL FIX: Forcing position to (848,269)
[00:37:30] Used Win32 API for direct positioning
[00:37:30] Used Win32 SetWindowPos API: (848,269) with NOSIZE flag
[00:37:30] FINAL FIX: Forcing position to (381,246)
[00:37:30] Used Win32 API for direct positioning
[00:37:30] Used Win32 SetWindowPos API: (381,246) with NOSIZE flag
[00:37:30] FINAL FIX: Forcing position to (707,185)
[00:37:30] Used Win32 API for direct positioning
[00:37:31] Used Win32 SetWindowPos API: (707,185) with NOSIZE flag
[00:37:31] FINAL FIX: Forcing position to (707,185)
[00:37:31] Used Win32 API for direct positioning
[00:37:31] Used Win32 SetWindowPos API: (707,185) with NOSIZE flag
[00:37:31] FINAL FIX: Forcing position to (836,156)
[00:37:31] Used Win32 API for direct positioning
[00:37:31] Used Win32 SetWindowPos API: (836,156) with NOSIZE flag
[00:37:31] FINAL FIX: Forcing position to (991,104)
[00:37:31] Used Win32 API for direct positioning
[00:37:31] Used Win32 SetWindowPos API: (991,104) with NOSIZE flag
[00:37:32] FINAL FIX: Forcing position to (483,57)
[00:37:32] Used Win32 API for direct positioning
[00:37:32] Used Win32 SetWindowPos API: (483,57) with NOSIZE flag
[00:37:32] FINAL FIX: Forcing position to (257,98)
[00:37:32] Used Win32 API for direct positioning
[00:37:32] Used Win32 SetWindowPos API: (257,98) with NOSIZE flag
[00:37:32] FINAL FIX: Forcing position to (475,-28)
[00:37:32] Used Win32 API for direct positioning
[00:37:32] Used Win32 SetWindowPos API: (475,-28) with NOSIZE flag
[00:37:32] FINAL FIX: Forcing position to (512,181)
[00:37:32] Used Win32 API for direct positioning
[00:37:33] Used Win32 SetWindowPos API: (512,181) with NOSIZE flag
[00:37:33] FINAL FIX: Forcing position to (537,185)
[00:37:33] Used Win32 API for direct positioning
[00:37:33] Used Win32 SetWindowPos API: (537,185) with NOSIZE flag
[00:37:33] FINAL FIX: Forcing position to (664,194)
[00:37:33] Used Win32 API for direct positioning
[00:37:33] Used Win32 SetWindowPos API: (664,194) with NOSIZE flag
[00:37:33] FINAL FIX: Forcing position to (765,195)
[00:37:33] Used Win32 API for direct positioning
[00:37:34] Used Win32 SetWindowPos API: (765,195) with NOSIZE flag
[00:37:34] FINAL FIX: Forcing position to (830,199)
[00:37:34] Used Win32 API for direct positioning
[00:37:34] Used Win32 SetWindowPos API: (830,199) with NOSIZE flag
[00:37:34] FINAL FIX: Forcing position to (863,204)
[00:37:34] Used Win32 API for direct positioning
[00:37:34] Used Win32 SetWindowPos API: (863,204) with NOSIZE flag
[00:37:34] FINAL FIX: Forcing position to (879,205)
[00:37:34] Used Win32 API for direct positioning
[00:37:35] Used Win32 SetWindowPos API: (879,205) with NOSIZE flag
[00:37:35] FINAL FIX: Forcing position to (895,91)
[00:37:35] Used Win32 API for direct positioning
[00:37:35] Used Win32 SetWindowPos API: (895,91) with NOSIZE flag
[00:37:35] FINAL FIX: Forcing position to (958,-292)
[00:37:35] Used Win32 API for direct positioning
[00:37:35] Used Win32 SetWindowPos API: (958,-292) with NOSIZE flag
[00:37:35] FINAL FIX: Forcing position to (1148,-629)
[00:37:35] Used Win32 API for direct positioning
[00:37:35] Used Win32 SetWindowPos API: (1148,-629) with NOSIZE flag
[00:37:36] FINAL FIX: Forcing position to (1184,-905)
[00:37:36] Used Win32 API for direct positioning
[00:37:36] Used Win32 SetWindowPos API: (1184,-905) with NOSIZE flag
[00:37:36] FINAL FIX: Forcing position to (1200,-1095)
[00:37:36] Used Win32 API for direct positioning
[00:37:36] Used Win32 SetWindowPos API: (1200,-1095) with NOSIZE flag
[00:37:36] FINAL FIX: Forcing position to (831,-979)
[00:37:36] Used Win32 API for direct positioning
[00:37:36] Used Win32 SetWindowPos API: (831,-979) with NOSIZE flag
[00:37:36] FINAL FIX: Forcing position to (715,-588)
[00:37:36] Used Win32 API for direct positioning
[00:37:37] Used Win32 SetWindowPos API: (715,-588) with NOSIZE flag
[00:37:37] FINAL FIX: Forcing position to (552,-38)
[00:37:37] Used Win32 API for direct positioning
[00:37:37] Used Win32 SetWindowPos API: (552,-38) with NOSIZE flag
[00:37:37] FINAL FIX: Forcing position to (534,178)
[00:37:37] Used Win32 API for direct positioning
[00:37:37] Used Win32 SetWindowPos API: (534,178) with NOSIZE flag
[00:37:37] FINAL FIX: Forcing position to (437,250)
[00:37:37] Used Win32 API for direct positioning
[00:37:38] Used Win32 SetWindowPos API: (437,250) with NOSIZE flag
[00:37:38] FINAL FIX: Forcing position to (686,223)
[00:37:38] Used Win32 API for direct positioning
[00:37:38] Used Win32 SetWindowPos API: (686,223) with NOSIZE flag
[00:37:38] FINAL FIX: Forcing position to (898,218)
[00:37:38] Used Win32 API for direct positioning
[00:37:38] Used Win32 SetWindowPos API: (898,218) with NOSIZE flag
[00:37:38] FINAL FIX: Forcing position to (962,213)
[00:37:38] Used Win32 API for direct positioning
[00:37:38] Used Win32 SetWindowPos API: (962,213) with NOSIZE flag
[00:37:39] FINAL FIX: Forcing position to (962,213)
[00:37:39] Used Win32 API for direct positioning
[00:37:39] Used Win32 SetWindowPos API: (962,213) with NOSIZE flag
[00:37:39] FINAL FIX: Forcing position to (962,213)
[00:37:39] Used Win32 API for direct positioning
[00:37:39] Used Win32 SetWindowPos API: (962,213) with NOSIZE flag
[00:37:39] FINAL FIX: Forcing position to (962,213)
[00:37:39] Used Win32 API for direct positioning
[00:37:39] Used Win32 SetWindowPos API: (962,213) with NOSIZE flag
[00:37:40] FINAL FIX: Forcing position to (962,213)
[00:37:40] Used Win32 API for direct positioning
[00:37:40] Used Win32 SetWindowPos API: (962,213) with NOSIZE flag
[00:37:40] FINAL FIX: Forcing position to (962,213)
[00:37:40] Used Win32 API for direct positioning
[00:37:40] Used Win32 SetWindowPos API: (962,213) with NOSIZE flag
[00:37:40] FINAL FIX: Forcing position to (962,213)
[00:37:40] Used Win32 API for direct positioning
