Test file written at 2025-06-25 22:29:01.683531
Python version: 3.13.5 (tags/v3.13.5:6cb20a2, Jun 11 2025, 16:15:46) [MSC v.1943 64 bit (AMD64)]
Platform: win32
